// Jest Snapshot v1, https://goo.gl/fbAQLP

exports[`Input: Virtual DOM snapshot 1`] = `
.c0 {
  width: 100%;
  border-radius: 5px;
  border: 1px solid #727a7045;
  font-size: 20px;
  padding: 5px;
  outline: none;
  -webkit-transition: box-shadow 0.5s;
  transition: box-shadow 0.5s;
}

.c0:hover {
  box-shadow: 0.2rem 0.8rem 1.6rem #d9d9d9;
}

.c0[type="submit"] {
  color: red;
  background: #a4f5fd24;
  cursor: pointer;
  font-weight: bold;
}

<input
  className="c0"
/>
`;
